// Jest Snapshot v1, https://goo.gl/fbAQLP

exports[`it renders the component 1`] = `
<div>
  <div>
    <form>
      <div
        class="govuk-form-group lbh-form-group"
      >
        <fieldset
          aria-describedby="edit-ownership-hint"
          class="govuk-fieldset"
        >
          <legend
            class="govuk-label lbh-label"
          >
            Is this asset property of Hackney Council?
          </legend>
          <div
            class="govuk-radios lbh-radios"
          >
            <div
              class="govuk-radios__item"
            >
              <input
                checked=""
                class="govuk-radios__input"
                data-testid="is-council-property-yes"
                id="is-council-property-yes"
                name="is-council-property"
                type="radio"
                value="Yes"
              />
              <label
                class="govuk-label govuk-radios__label"
                for="is-council-property-yes"
              >
                <span
                  class="govuk-heading-s govuk-!-margin-bottom-1"
                >
                  Yes
                </span>
                Including TMO properties and freehold/leasehold with service charges
              </label>
            </div>
            <div
              class="govuk-radios__item"
            >
              <input
                class="govuk-radios__input"
                data-testid="is-council-property-no"
                id="is-council-property-no"
                name="is-council-property"
                type="radio"
                value="No"
              />
              <label
                class="govuk-label govuk-radios__label"
                for="is-council-property-no"
              >
                <span
                  class="govuk-heading-s govuk-!-margin-bottom-1"
                >
                  No
                </span>
                Not owned by Hackney Council
              </label>
            </div>
          </div>
        </fieldset>
      </div>
      <div
        class="edit-ownership-form-actions"
      >
        <button
          class="govuk-button lbh-button"
          data-module="govuk-button"
          data-testid="submit-edit-ownership-button"
          disabled=""
          id="submit-edit-ownership-button"
          type="submit"
        >
          Confirm change
        </button>
        <a
          class="govuk-button govuk-secondary lbh-button lbh-button--secondary"
          data-testid="cancel-edit-ownership-button"
          href="/property/769894bd-b0bc-47eb-a780-322372c2448f"
          id="cancel-edit-ownership-button"
        >
          Back to asset
        </a>
      </div>
    </form>
  </div>
</div>
`;
