// Jest Snapshot v1, https://goo.gl/fbAQLP

exports[`it renders the component 1`] = `
<div>
  <a
    class="govuk-back-link lbh-back-link lbh-link--no-visited-state"
    href="/property/a65918aa-e441-bc34-e49d-fa8671f768da"
  >
    Back to asset view
  </a>
  <h1
    class="lbh-heading-h1"
    data-testid="related-assets-heading"
  >
    Related assets
  </h1>
  <p
    class="lbh-body-m"
    data-testid="property-asset-type"
  >
    HighRiseBlock
  </p>
  <h2
    class="lbh-heading-h2 margin-top-10"
    data-testid="property-address"
  >
    1-93 Pitcairn House St Thomass Square
     - 
    E9 6PT
  </h2>
  <hr
    style="border-top: 1px solid #e7eaec;"
  />
  <p
    class="lbh-body-m"
    data-testid="no-related-assets-message"
  >
    There are no related assets for this property.
  </p>
</div>
`;
