// Jest Snapshot v1, https://goo.gl/fbAQLP

exports[`renders the whole 'New asset form' view 1`] = `
<div>
  <a
    class="govuk-back-link lbh-back-link lbh-link--no-visited-state"
    href="/"
  >
    Back
  </a>
  <h1
    class="lbh-heading-h1"
  >
    New property
  </h1>
  <span
    class="govuk-hint lbh-hint"
    data-testid="new-property-disclaimer"
    id="new-property-disclaimer"
  >
    A new property will immediately be available for users of Manage My Home. Information is validated in most fields, but all protections are not in place, so some selections may result in mismatched information. It is recommended to thoroughly check the submission before adding the new asset.
     
  </span>
  <section>
    <div
      id="new-property-form"
    >
      <form
        action="#"
      >
        <div
          class="govuk-form-group lbh-form-group"
        >
          <label
            class="govuk-label lbh-label"
            for="assetId"
          >
            Asset ID
          </label>
          <input
            class="govuk-input lbh-input"
            data-testid="asset-id"
            id="asset-id"
            name="assetId"
            type="text"
            value=""
          />
        </div>
        <div
          class="govuk-form-group lbh-form-group"
        >
          <label
            class="govuk-label lbh-label"
            for="assetType"
          >
            Asset Type
          </label>
          <select
            class="govuk-input lbh-input"
            data-testid="asset-type"
            id="asset-type"
            name="assetType"
          >
            <option
              disabled=""
              value=""
            >
               -- Select an option -- 
            </option>
            <option
              value="Block"
            >
              Block
            </option>
            <option
              value="Concierge"
            >
              Concierge
            </option>
            <option
              value="Dwelling"
            >
              Dwelling
            </option>
            <option
              value="LettableNonDwelling"
            >
              LettableNonDwelling
            </option>
            <option
              value="MediumRiseBlock"
            >
              MediumRiseBlock
            </option>
            <option
              value="NA"
            >
              NA
            </option>
            <option
              value="TravellerSite"
            >
              TravellerSite
            </option>
            <option
              value="AdministrativeBuilding"
            >
              AdministrativeBuilding
            </option>
            <option
              value="BoilerHouse"
            >
              BoilerHouse
            </option>
            <option
              value="BoosterPump"
            >
              BoosterPump
            </option>
            <option
              value="CleanersFacilities"
            >
              CleanersFacilities
            </option>
            <option
              value="CombinedHeatAndPowerUnit"
            >
              CombinedHeatAndPowerUnit
            </option>
            <option
              value="CommunityHall"
            >
              CommunityHall
            </option>
            <option
              value="Estate"
            >
              Estate
            </option>
            <option
              value="HighRiseBlock"
            >
              HighRiseBlock
            </option>
            <option
              value="Lift"
            >
              Lift
            </option>
            <option
              value="LowRiseBlock"
            >
              LowRiseBlock
            </option>
            <option
              value="NBD"
            >
              NBD
            </option>
            <option
              value="OutBuilding"
            >
              OutBuilding
            </option>
            <option
              value="TerracedBlock"
            >
              TerracedBlock
            </option>
            <option
              value="WalkUpBlock"
            >
              WalkUpBlock
            </option>
            <option
              value="StudioFlat"
            >
              StudioFlat
            </option>
            <option
              value="Flat"
            >
              Flat
            </option>
            <option
              value="Room"
            >
              Room
            </option>
            <option
              value="House"
            >
              House
            </option>
            <option
              value="SelfContainedBedsit"
            >
              SelfContainedBedsit
            </option>
            <option
              value="Maisonette"
            >
              Maisonette
            </option>
            <option
              value="NewBuild"
            >
              NewBuild
            </option>
          </select>
        </div>
        <div
          style="border-left: 5px solid #0b0c0c; padding-left: 30px; width: 500px; box-sizing: border-box;"
        >
          <label
            class="govuk-label lbh-label"
            for="propertyEstate"
          >
            Estate this property is in
          </label>
          <div
            class=""
          >
            <div
              class="govuk-form-group  lbh-form-group visually-hidden-label"
            >
              <input
                class="govuk-input lbh-input"
                style="max-width: 100%;"
                value=""
              />
            </div>
            <button
              class="govuk-button lbh-button"
              type="button"
            >
              Search
            </button>
          </div>
          <div
            class="govuk-form-group lbh-form-group"
          >
            <select
              class="govuk-form-group lbh-form-group govuk-input lbh-input"
              data-testid="propertyEstate"
              disabled=""
              id="propertyEstate"
              style="max-width: 100%;"
            >
              <label
                class="govuk-label lbh-label"
                for="propertyEstate-field"
              >
                
              </label>
              <option
                value=""
              >
                -- Select an option --
              </option>
            </select>
          </div>
        </div>
        <div
          style="border-left: 5px solid #0b0c0c; padding-left: 30px; width: 500px; box-sizing: border-box;"
        >
          <label
            class="govuk-label lbh-label"
            for="propertyBlock"
          >
            Block this property is in
          </label>
          <div
            class=""
          >
            <div
              class="govuk-form-group  lbh-form-group visually-hidden-label"
            >
              <input
                class="govuk-input lbh-input"
                style="max-width: 100%;"
                value=""
              />
            </div>
            <button
              class="govuk-button lbh-button"
              type="button"
            >
              Search
            </button>
          </div>
          <div
            class="govuk-form-group lbh-form-group"
          >
            <select
              class="govuk-form-group lbh-form-group govuk-input lbh-input"
              data-testid="propertyBlock"
              disabled=""
              id="propertyBlock"
              style="max-width: 100%;"
            >
              <label
                class="govuk-label lbh-label"
                for="propertyBlock-field"
              >
                
              </label>
              <option
                value=""
              >
                -- Select an option --
              </option>
            </select>
          </div>
        </div>
        <h2
          class="lbh-heading-h2"
        >
          Address
        </h2>
        <label
          class="govuk-label lbh-label"
          for="uprn"
        >
          UPRN
        </label>
        <input
          class="govuk-input lbh-input"
          data-testid="uprn"
          id="uprn"
          name="uprn"
          value=""
        />
        <label
          class="govuk-label lbh-label"
          for="post-preamble"
        >
          Post preamble
        </label>
        <input
          class="govuk-input lbh-input"
          data-testid="post-preamble"
          id="post-preamble"
          name="postPreamble"
          value=""
        />
        <div
          class="govuk-form-group lbh-form-group"
        >
          <label
            class="govuk-label lbh-label"
            for="address-line-1"
          >
            Address line 1
          </label>
          <input
            class="govuk-input lbh-input"
            data-testid="address-line-1"
            id="address-line-1"
            name="addressLine1"
            type="text"
            value=""
          />
        </div>
        <label
          class="govuk-label lbh-label"
          for="address-line-2"
        >
          Address line 2
        </label>
        <input
          class="govuk-input lbh-input"
          data-testid="address-line-2"
          id="address-line-2"
          name="addressLine2"
          value=""
        />
        <label
          class="govuk-label lbh-label"
          for="address-line-3"
        >
          Address line 3
        </label>
        <input
          class="govuk-input lbh-input"
          data-testid="address-line-3"
          id="address-line-3"
          name="addressLine3"
          value=""
        />
        <label
          class="govuk-label lbh-label"
          for="address-line-4"
        >
          Address line 4
        </label>
        <input
          class="govuk-input lbh-input"
          data-testid="address-line-4"
          id="address-line-4"
          name="addressLine4"
          value=""
        />
        <div
          class="govuk-form-group lbh-form-group"
        >
          <label
            class="govuk-label lbh-label"
            for="postcode"
          >
            Postcode
          </label>
          <input
            class="govuk-input lbh-input"
            data-testid="postcode"
            id="postcode"
            name="postcode"
            type="text"
            value=""
          />
        </div>
        <h2
          class="lbh-heading-h2"
        >
          Asset details
        </h2>
        <label
          class="govuk-label lbh-label"
          for="window-type"
        >
          Window type
        </label>
        <input
          class="govuk-input lbh-input"
          data-testid="window-type"
          id="window-type"
          name="windowType"
          value=""
        />
        <div
          class="govuk-form-group lbh-form-group"
        >
          <label
            class="govuk-label lbh-label"
            for="year-constructed"
          >
            Year constructed
          </label>
          <input
            class="govuk-input lbh-input"
            data-testid="year-constructed"
            id="year-constructed"
            name="yearConstructed"
            type="text"
            value=""
          />
        </div>
        <h2
          class="lbh-heading-h2"
        >
          Property management
        </h2>
        <label
          class="govuk-label lbh-label"
          for="agent"
        >
          Agent
        </label>
        <input
          class="govuk-input lbh-input"
          data-testid="agent"
          id="agent"
          name="agent"
          value=""
        />
        <label
          class="govuk-label lbh-label"
          for="area-office-name"
        >
          Area office name
        </label>
        <select
          class="govuk-input lbh-input"
          data-testid="area-office-name"
          id="area-office-name"
          name="areaOfficeName"
        >
          <option
            disabled=""
            value=""
          >
             -- Select an option -- 
          </option>
          <option
            value="Temp Accommodation (Annexe)"
          >
            AN - Temp Accommodation (Annexe)
          </option>
          <option
            value="Arden Estate TMO (SH)"
          >
            AR - Arden Estate TMO (SH)
          </option>
          <option
            value="Temp Accommodation (Bed & Breakfast)"
          >
            BB - Temp Accommodation (Bed & Breakfast)
          </option>
          <option
            value="Clapton Park TMO (HN)"
          >
            CL - Clapton Park TMO (HN)
          </option>
          <option
            value="Cranston Estate TMO (SH)"
          >
            CR - Cranston Estate TMO (SH)
          </option>
          <option
            value="Clapton Panel Area Team"
          >
            CT - Clapton Panel Area Team
          </option>
          <option
            value="Downs TMO (SN)"
          >
            DO - Downs TMO (SN)
          </option>
          <option
            value="Temp Accommodation (Hostels)"
          >
            HL - Temp Accommodation (Hostels)
          </option>
          <option
            value="Homerton (1) Panel Area Team"
          >
            HN - Homerton (1) Panel Area Team
          </option>
          <option
            value="Homerton (2) Panel Area Team"
          >
            HT - Homerton (2) Panel Area Team
          </option>
          <option
            value="Lordship South TMO (SN)"
          >
            LO - Lordship South TMO (SN)
          </option>
          <option
            value="Stamford Hill Panel Area Team"
          >
            NE - Stamford Hill Panel Area Team
          </option>
          <option
            value="Temp Accommodation (Private Lease)"
          >
            PL - Temp Accommodation (Private Lease)
          </option>
          <option
            value="Central Panel Area Team"
          >
            QB - Central Panel Area Team
          </option>
          <option
            value="Shoreditch Panel Area Team"
          >
            SH - Shoreditch Panel Area Team
          </option>
          <option
            value="Stoke Newington Panel Area Team"
          >
            SN - Stoke Newington Panel Area Team
          </option>
          <option
            value="Suffolk Estate TMO (CE)"
          >
            SU - Suffolk Estate TMO (CE)
          </option>
          <option
            value="Tower TMO (CE)"
          >
            TO - Tower TMO (CE)
          </option>
          <option
            value="Travellers sites"
          >
            TR - Travellers sites
          </option>
          <option
            value="Wenlock Barn TMO (SH)"
          >
            WE - Wenlock Barn TMO (SH)
          </option>
          <option
            value="Wick Village TMO (HN)"
          >
            WI - Wick Village TMO (HN)
          </option>
          <option
            value="Wyke TMO (HN)"
          >
            WY - Wyke TMO (HN)
          </option>
        </select>
        <label
          class="govuk-label lbh-label"
          for="patches"
        >
          Patches
        </label>
        <div
          id="property-patches-container"
        >
          <div>
            <svg
              class="mtfh-icon"
              focusable="false"
              height="50"
              stroke="#00703c"
              viewBox="0 0 42 42"
              width="50"
            >
              <title>
                Loading...
              </title>
              <g
                fill="none"
                fill-rule="evenodd"
              >
                <g
                  stroke-width="5"
                  transform="translate(3 3)"
                >
                  <circle
                    cx="18"
                    cy="18"
                    r="18"
                    stroke-opacity=".5"
                  />
                  <path
                    d="M36 18c0-9.94-8.06-18-18-18"
                    transform="rotate(112.708 18 18)"
                  >
                    <animatetransform
                      attributeName="transform"
                      dur="1s"
                      from="0 18 18"
                      repeatCount="indefinite"
                      to="360 18 18"
                      type="rotate"
                    />
                  </path>
                </g>
              </g>
            </svg>
          </div>
        </div>
        <div>
          <button
            class="lbh-link"
            data-testid="patch-add-link"
            id="patch-add-link"
          >
            Add another patch
          </button>
        </div>
        <div
          class="govuk-form-group lbh-form-group"
        >
          <fieldset
            class="govuk-fieldset"
          >
            <legend
              class="govuk-label lbh-label"
            >
              Is LBH property?
            </legend>
            <div
              class="govuk-radios lbh-radios"
            >
              <div
                class="govuk-radios__item"
              >
                <input
                  class="govuk-radios__input"
                  data-testid="is-council-property-yes"
                  id="is-council-property-yes"
                  name="isCouncilProperty"
                  type="radio"
                  value="Yes"
                />
                <label
                  class="govuk-label govuk-radios__label"
                  for="is-council-property-yes"
                >
                  Yes
                </label>
              </div>
              <div
                class="govuk-radios__item"
              >
                <input
                  class="govuk-radios__input"
                  data-testid="is-council-property-no"
                  id="is-council-property-no"
                  name="isCouncilProperty"
                  type="radio"
                  value="No"
                />
                <label
                  class="govuk-label govuk-radios__label"
                  for="is-council-property-no"
                >
                  No
                </label>
              </div>
            </div>
          </fieldset>
        </div>
        <div
          class="govuk-form-group lbh-form-group"
        >
          <label
            class="govuk-label lbh-label"
            for="managing-organisation"
          >
            Managing organisation
          </label>
          <select
            class="govuk-input lbh-input"
            data-testid="managing-organisation"
            id="managing-organisation"
            name="managingOrganisation"
          >
            <option
              disabled=""
              value=""
            >
               -- Select an option -- 
            </option>
            <option
              value="London Borough of Hackney"
            >
              London Borough of Hackney
            </option>
            <option
              value="Clapton Park Management Organisation"
            >
              Clapton Park Management Organisation
            </option>
            <option
              value="Wyke Tenants and Residents Co-operative"
            >
              Wyke Tenants and Residents Co-operative
            </option>
            <option
              value="Wenlock Barn TMO"
            >
              Wenlock Barn TMO
            </option>
            <option
              value="North & South Arden TMO"
            >
              North & South Arden TMO
            </option>
            <option
              value="Suffolk Estate Co-operative"
            >
              Suffolk Estate Co-operative
            </option>
            <option
              value="Lordship South TMO"
            >
              Lordship South TMO
            </option>
            <option
              value="Cranston Estate TMO"
            >
              Cranston Estate TMO
            </option>
          </select>
        </div>
        <div
          class="new-property-form-actions"
        >
          <button
            class="govuk-button lbh-button"
            data-module="govuk-button"
            id="submit-new-property-button"
            type="submit"
          >
            Create new property
          </button>
          <a
            class="govuk-button govuk-secondary lbh-button lbh-button--secondary"
            href="/"
            id="cancel-new-property-button"
          >
            Cancel
          </a>
        </div>
      </form>
    </div>
  </section>
</div>
`;
